@[translated]
module tests

struct ImVec2 {
       x f32
       y f32
}
struct ImVec3 {
       x f32
       y f32
       z f32
}
struct ImVec4 {
       x f32
       y f32
       z f32
       w f32
}